{
    "message": "No route matches the given filter IRI"
}
