{
    "@context": "\/api\/v2\/contexts\/ProductAttribute",
    "@id": "\/api\/v2\/admin\/product-attributes\/material",
    "@type": "ProductAttribute",
    "code": "material",
    "configuration": {},
    "position": 0,
    "storageType": "text",
    "type": "textarea",
    "translatable": true,
    "translations": {
        "en_US": {
            "@id": "\/api\/v2\/admin\/product-attribute-translations\/@integer@",
            "@type": "ProductAttributeTranslation",
            "id": "@integer@",
            "locale": "en_US",
            "name": "Material"
        }
    }
}
