{
    "@context": "\/api\/v2\/contexts\/ProductAttribute",
    "@id": "\/api\/v2\/admin\/product-attributes\/new",
    "@type": "ProductAttribute",
    "code": "new",
    "configuration": {},
    "position": 0,
    "storageType": "boolean",
    "type": "checkbox",
    "translatable": false,
    "translations": {
        "en_US": {
            "@id": "\/api\/v2\/admin\/product-attribute-translations\/@integer@",
            "@type": "ProductAttributeTranslation",
            "id": "@integer@",
            "locale": "en_US",
            "name": "New"
        }
    }
}
