{
    "id": @integer@,
    "code": "MUG_SIZE",
    "position": 0,
    "translations": {
        "en_US": {
            "id": @integer@,
            "locale": "en_US",
            "name": "Mug size"
        },
        "de_CH": {
            "id": @integer@,
            "locale": "de_CH",
            "name": "Bechergröße"
        }
    },
    "values": [
        {
            "code": "MUG_SIZE_S",
            "translations": {
                "en_US": {
                    "id": @integer@,
                    "locale": "en_US",
                    "value": "Small"
                },
                "de_CH": {
                    "id": @integer@,
                    "locale": "de_CH",
                    "value": "Klein"
                }
            }
        },
        {
            "code": "MUG_SIZE_L",
            "translations": {
                "de_CH": {
                    "id": @integer@,
                    "locale": "de_CH",
                    "value": "Groß"
                },
                "en_US": {
                    "id": @integer@,
                    "locale": "en_US",
                    "value": "Large"
                }
            }
        }
    ],
    "_links": {
        "self": {
            "href": "\/api\/v1\/product-options\/MUG_SIZE"
        }
    }
}
