{
    "@context":"\/api\/v2\/contexts\/ProductVariant",
    "@id":"\/api\/v2\/admin\/product-variants\/MUG",
    "@type":"ProductVariant",
    "id":"@integer@",
    "code":"MUG",
    "product":"\/api\/v2\/admin\/products\/MUG_SW",
    "channelPricings": {
        "WEB": {
            "@id": "/api/v2/admin/channel-pricings/@integer@",
            "@type": "ChannelPricing",
            "id": @integer@,
            "channelCode": "WEB",
            "price": 2000,
            "originalPrice": null,
            "minimumPrice": 0
        }
    },
    "optionValues":[],
    "translations": {
        "en_US": {
            "@id":"\/api\/v2\/admin\/product-variant-translation\/@integer@",
            "@type":"ProductVariantTranslation",
            "id":"@integer@",
            "name":"Mug",
            "locale":"en_US"
        }
    }
}
