{
    "token": "@string@",
    "adminUser": "\/api\/v2\/admin\/administrators\/@integer@"
}
