{
    "@context": "\/api\/v2\/contexts\/Channel",
    "@id": "\/api\/v2\/admin\/channels\/WEB",
    "@type": "Channel",
    "id":"@integer@",
    "code": "WEB",
    "name": "Web Store",
    "enabled": true,
    "baseCurrency": "\/api\/v2\/admin\/currencies\/USD",
    "defaultLocale": "\/api\/v2\/admin\/locales\/en_US",
    "defaultTaxZone": null,
    "taxCalculationStrategy": "order_items_based",
    "currencies": [],
    "locales": [],
    "countries": [],
    "themeName": null,
    "contactEmail": null,
    "contactPhoneNumber": null,
    "skippingShippingStepAllowed": false,
    "skippingPaymentStepAllowed": false,
    "accountVerificationRequired": true,
    "shippingAddressInCheckoutRequired": true,
    "shopBillingData": null,
    "menuTaxon": null,
    "description": null,
    "hostname": null,
    "color": null,
    "createdAt": @string@,
    "updatedAt": @string@
}
