{
    "@context":"\/api\/v2\/contexts\/ProductVariant",
    "@id":"\/api\/v2\/admin\/product-variants\/MUG_2",
    "@type":"ProductVariant",
    "code":"MUG_2",
    "product":"\/api\/v2\/admin\/products\/MUG_SW",
    "channelPricings": {
        "WEB": {
            "@id": "\/api\/v2\/admin\/channel-pricings\/@integer@",
            "@type": "ChannelPricing",
            "channelCode": "WEB",
            "price": 4000,
            "originalPrice": 5000,
            "minimumPrice": 2000
        }
    }
}
