{
    "@context": "\/api\/v2\/contexts\/ShippingCategory",
    "@id": "\/api\/v2\/admin\/shipping-categories",
    "@type": "hydra:Collection",
    "hydra:member": [
        {
            "@id": "\/api\/v2\/admin\/shipping-categories\/default",
            "@type": "ShippingCategory",
            "id": "@integer@",
            "code": "default",
            "name": "Default",
            "description": null,
            "createdAt": @date@,
            "updatedAt": @date@
        },
        {
            "@id": "\/api\/v2\/admin\/shipping-categories\/special",
            "@type": "ShippingCategory",
            "id": "@integer@",
            "code": "special",
            "name": "Special",
            "description": "For special care",
            "createdAt": @date@,
            "updatedAt": @date@
        }
    ],
    "hydra:totalItems": 2
}
