{
    "id": @integer@,
    "email": "john.diggle@yahoo.com",
    "email_canonical": "john.diggle@yahoo.com",
    "first_name": "John",
    "last_name": "Diggle",
    "gender": "m",
    "groups": []
}
