{
    "id": @integer@,
    "email": "Barry@doe.com",
    "email_canonical": "barry@doe.com",
    "first_name": "Barry",
    "last_name": "Doe",
    "birthday": "@string@.isDateTime()",
    "gender": "u",
    "groups": []
}
