{
    "@context": "\/api\/v2\/contexts\/Order",
    "@id": @string@,
    "@type": "Order",
    "channel": "\/api\/v2\/shop\/channels\/WEB",
    "payments": [],
    "shipments": [],
    "currencyCode": "USD",
    "localeCode": "pl_PL",
    "checkoutState": "cart",
    "paymentState": "cart",
    "shippingState": "cart",
    "tokenValue": @string@,
    "id": @integer@,
    "items": [],
    "itemsTotal": 0,
    "total": 0,
    "state": "cart",
    "taxTotal": 0,
    "taxIncludedTotal": 0,
    "taxExcludedTotal": 0,
    "shippingTotal": 0,
    "orderPromotionTotal": 0
}
