{
    "@context": "\/api\/v2\/contexts\/Address",
    "@id": "\/api\/v2\/shop\/addresses\/@integer@",
    "@type": "Address",
    "firstName":"TEST",
    "lastName":"TEST",
    "phoneNumber":"666111333",
    "company":"Potato Corp.",
    "countryCode":"US",
    "provinceCode":null,
    "provinceName":null,
    "street":"Top secret",
    "city":"Nebraska",
    "postcode":"12343"
}
