{
  "@context": "\/api\/v2\/contexts\/Adjustment",
  "@id": "@string@.startsWith('/api/v2/shop/orders/nAWw2jewpA/items/').endsWith('/adjustments')",
  "@type": "hydra:Collection",
  "hydra:member": [
    {
      "@id": "\/api\/v2\/shop\/adjustments\/@integer@",
      "@type": "Adjustment",
      "id": @integer@,
      "type": "order_item_promotion",
      "label": "Test Promotion Adjustment",
      "amount": 200,
      "neutral": false
    }
  ],
  "hydra:totalItems": 1
}
