{
    "@context": "\/api\/v2\/contexts\/ExchangeRate",
    "@id": "\/api\/v2\/shop\/exchange-rates",
    "@type": "hydra:Collection",
    "hydra:member": [
        {
            "@id": "\/api\/v2\/shop\/exchange-rates\/@integer@",
            "@type": "ExchangeRate",
            "id": @integer@,
            "ratio": 4.44,
            "sourceCurrency": "\/api\/v2\/shop\/currencies\/USD",
            "targetCurrency": "\/api\/v2\/shop\/currencies\/PLN"
        },
        {
            "@id": "\/api\/v2\/shop\/exchange-rates\/@integer@",
            "@type": "ExchangeRate",
            "id": @integer@,
            "ratio": 0.7,
            "sourceCurrency": "\/api\/v2\/shop\/currencies\/USD",
            "targetCurrency": "\/api\/v2\/shop\/currencies\/GBP"
        },
        {
            "@id": "\/api\/v2\/shop\/exchange-rates\/@integer@",
            "@type": "ExchangeRate",
            "id": @integer@,
            "ratio": 0.15,
            "sourceCurrency": "\/api\/v2\/shop\/currencies\/CNY",
            "targetCurrency": "\/api\/v2\/shop\/currencies\/USD"
        }
    ],
    "hydra:totalItems": 3
}
