{
    "code": 400,
    "message": "Validation Failed",
    "errors": {
        "children": {
            "code": [],
            "exchangeRate": {
                "errors": [
                    "Please enter exchange rate."
                ]
            },
            "enabled": []
        }
    }
}
