{
    "@context": "\/api\/v2\/contexts\/Order",
    "@id": "\/api\/v2\/shop\/orders\/nAWw2jewpA",
    "@type": "Order",
    "channel": "\/api\/v2\/shop\/channels\/WEB",
    "shippingAddress": {
        "@id": "\/api\/v2\/shop\/addresses\/@integer@",
        "@type": "Address",
        "firstName": "John",
        "lastName": "Doe",
        "countryCode": "US",
        "street": "Avenue",
        "city": "New York",
        "postcode": "90000"
    },
    "billingAddress": {
        "@id": "\/api\/v2\/shop\/addresses\/@integer@",
        "@type": "Address",
        "firstName": "John",
        "lastName": "Doe",
        "countryCode": "US",
        "street": "Avenue",
        "city": "New York",
        "postcode": "90000"
    },
    "payments": [
        {
            "@id": "\/api\/v2\/shop\/payments\/@integer@",
            "@type": "Payment",
            "id": @integer@,
            "method": "\/api\/v2\/shop\/payment-methods\/BANK_TRANSFER"
        }
    ],
    "shipments": [],
    "currencyCode": "USD",
    "localeCode": "en_US",
    "checkoutState": "completed",
    "paymentState": "awaiting_payment",
    "shippingState": "shipped",
    "tokenValue": "nAWw2jewpA",
    "id": @integer@,
    "number": "000000001",
    "items": [
        {
            "@id": "\/api\/v2\/shop\/order-items\/@integer@",
            "@type": "OrderItem",
            "variant": "\/api\/v2\/shop\/product-variants\/MUG_NFT",
            "productName": "Mug",
            "id": @integer@,
            "quantity": 1,
            "unitPrice": 3000,
            "originalUnitPrice": 3000,
            "total": 3000,
            "discountedUnitPrice": 3000,
            "subtotal": 3000
        }
    ],
    "itemsTotal": 3000,
    "total": 3000,
    "state": "new",
    "taxTotal": 0,
    "taxExcludedTotal": 0,
    "taxIncludedTotal": 0,
    "shippingTotal": 0,
    "orderPromotionTotal": 0
}
