{
    "id": @integer@,
    "code": "toys",
    "children": [],
    "left": 1,
    "right": 2,
    "level": 0,
    "position": 0,
    "translations": {
        "en_US": {
            "locale": "en_US"
        }
    },
    "files": [
        {
            "id": @integer@,
            "type": "ford",
            "path": "@string@",
            "mimeType": "@string@"
        },
        {
            "id": @integer@,
            "type": "mugs",
            "path": "@string@",
            "mimeType": "@string@"
        }
    ],
    "_links": {
        "self": {
            "href": "@string@"
        }
    }
}
