{
    "code": 400,
    "message": "Validation Failed",
    "errors": {
        "children": {
            "translations": {},
            "files": {},
            "code": {
                "errors": [
                    "Please enter taxon code."
                ]
            },
            "parent": {}
        }
    }
}
