{
    "@context": "\/api\/v2\/contexts\/Taxon",
    "@id": "\/api\/v2\/admin\/taxons\/CATEGORY",
    "@type": "Taxon",
    "id": "@integer@",
    "code": "CATEGORY",
    "translations": {
        "en_US": {
            "@id": "\/api\/v2\/admin\/taxon-translations\/@integer@",
            "@type": "TaxonTranslation",
            "id": @integer@,
            "name": "Categories",
            "slug": "categories",
            "description": "Some description Lorem ipsum dolor sit amet.",
            "locale": "en_US"
        }
    },
    "children": [
        "\/api\/v2\/admin\/taxons\/MUG",
        "\/api\/v2\/admin\/taxons\/HAT",
        "\/api\/v2\/admin\/taxons\/T_SHIRTS"
    ],
    "enabled": true
}
