{
    "page": 1,
    "limit": 10,
    "pages": 1,
    "total": 1,
    "_links": {
        "self": {
            "href": "\/api\/tax-categories\/?criteria%5Bcode%5D=TC1&page=1&limit=10"
        },
        "first": {
            "href": "\/api\/tax-categories\/?criteria%5Bcode%5D=TC1&page=1&limit=10"
        },
        "last": {
            "href": "\/api\/tax-categories\/?criteria%5Bcode%5D=TC1&page=1&limit=10"
        }
    },
    "_embedded": {
        "items": [
            {
                "id": @integer@,
                "code": "TC1",
                "name": "Tax Category 1",
                "_links": {
                    "self": {
                        "href": "@string@"
                    }
                }
            }
        ]
    }
}
