{
    "id": @integer@,
    "code": "1765C",
    "used": 0,
    "createdAt": "@string@.isDateTime()",
    "updatedAt": "@string@.isDateTime()",
    "_links": {
        "self": {
            "href": "\/api\/v1\/promotions\/Holiday\/coupons\/1765C"
        },
        "promotion": {
            "href": "\/api\/v1\/promotions\/Holiday"
        }
    }
}
